<testsuites name="results">
  <testsuite name="all" package="all">
    <property name="random_seed" value="1699635831" />
    <testcase name="ifc_test_demo" classname="ifc_test_demo" file="/home/rohan/dayumin/tutorial/tests/ifc_test_demo.py" lineno="11" time="0.0032105445861816406" sim_time_ns="87.001" ratio_time="27098.517919500966" />
  </testsuite>
</testsuites>
